******************************************************************************
                  TI ARM Linker PC v20.2.7                     
******************************************************************************
>> Linked Tue Dec  5 17:28:54 2023

OUTPUT FILE NAME:   <CSE 5342 Project.out>
ENTRY POINT SYMBOL: "_c_int00_noargs"  address: 00004f7d


MEMORY CONFIGURATION

         name            origin    length      used     unused   attr    fill
----------------------  --------  ---------  --------  --------  ----  --------
  FLASH                 00000000   00040000  000052c4  0003ad3c  R  X
  SRAM                  20000000   00008000  00001270  00006d90  RW X


SEGMENT ALLOCATION MAP

run origin  load origin   length   init length attrs members
----------  ----------- ---------- ----------- ----- -------
00000000    00000000    000052c8   000052c8    r-x
  00000000    00000000    0000026c   0000026c    r-- .intvecs
  0000026c    0000026c    00004ec8   00004ec8    r-x .text
  00005134    00005134    00000138   00000138    r-- .const
  00005270    00005270    00000058   00000058    r-- .cinit
20000000    20000000    00001270   00000000    rw-
  20000000    20000000    00001000   00000000    rw- .stack
  20001000    20001000    000001a0   00000000    rw- .bss
  200011a0    200011a0    000000d0   00000000    rw- .data


SECTION ALLOCATION MAP

 output                                  attributes/
section   page    origin      length       input sections
--------  ----  ----------  ----------   ----------------
.intvecs   0    00000000    0000026c     
                  00000000    0000026c     tm4c123gh6pm_startup_ccs.obj (.intvecs)

.text      0    0000026c    00004ec8     
                  0000026c    00001ac4     Project_Chinwuba_Emmanuel.obj (.text)
                  00001d30    00000a4e     rtsv7M4_T_le_v4SPD16_eabi.lib : _printfi.c.obj (.text:__TI_printfi)
                  0000277e    00000002                                   : div0.asm.obj (.text)
                  00002780    00000808     gpio.obj (.text)
                  00002f88    000003c4     i2c0.obj (.text)
                  0000334c    000003c4     i2c1.obj (.text)
                  00003710    00000270     rtsv7M4_T_le_v4SPD16_eabi.lib : _printfi.c.obj (.text:_pconv_a)
                  00003980    000001d0                                   : _printfi.c.obj (.text:_pconv_g)
                  00003b50    000001b6                                   : fd_add_t2.asm.obj (.text)
                  00003d06    00000002     --HOLE-- [fill = 0]
                  00003d08    00000164     uart0.obj (.text)
                  00003e6c    00000158     rtsv7M4_T_le_v4SPD16_eabi.lib : e_atan2f.c.obj (.text:atan2f)
                  00003fc4    00000150                                   : s_atanf.c.obj (.text:atanf)
                  00004114    0000013c                                   : _printfi.c.obj (.text:_pconv_e)
                  00004250    00000136                                   : fd_div_t2.asm.obj (.text)
                  00004386    00000002     --HOLE-- [fill = 0]
                  00004388    00000124                                   : _printfi.c.obj (.text:fcvt)
                  000044ac    00000110                                   : s_scalbn.c.obj (.text:scalbn)
                  000045bc    000000fc                                   : fd_mul_t2.asm.obj (.text)
                  000046b8    000000d4     nvic.obj (.text)
                  0000478c    000000b1     rtsv7M4_T_le_v4SPD16_eabi.lib : _printfi.c.obj (.text:_ltostr)
                  0000483d    00000001     --HOLE-- [fill = 0]
                  0000483e    0000009c                                   : memcpy_t2.asm.obj (.text)
                  000048da    00000096                                   : ull_div_t2.asm.obj (.text)
                  00004970    00000086                                   : fd_cmp_t2.asm.obj (.text:__aeabi_cdcmple)
                  000049f6    00000086                                   : fd_cmp_t2.asm.obj (.text:__aeabi_cdrcmple)
                  00004a7c    0000007a                                   : memset_t2.asm.obj (.text)
                  00004af6    0000006e                                   : _printfi.c.obj (.text:_mcpy)
                  00004b64    0000006e                                   : fd_tos_t2.asm.obj (.text)
                  00004bd2    00000068                                   : copy_decompress_lzss.c.obj (.text:decompress:lzss:__TI_decompress_lzss)
                  00004c3a    00000002     --HOLE-- [fill = 0]
                  00004c3c    00000064                                   : s_frexp.c.obj (.text:frexp)
                  00004ca0    00000056                                   : _printfi.c.obj (.text:_pconv_f)
                  00004cf6    00000054                                   : _ltoa.c.obj (.text:__TI_ltoa)
                  00004d4a    00000052                                   : _printfi.c.obj (.text:_ecpy)
                  00004d9c    0000004c                                   : atoi.c.obj (.text:atoi)
                  00004de8    0000004c                                   : snprintf.c.obj (.text:snprintf)
                  00004e34    00000048                                   : fd_toi_t2.asm.obj (.text)
                  00004e7c    00000044                                   : autoinit.c.obj (.text:__TI_auto_init_nobinit_nopinit:__TI_auto_init_nobinit_nopinit)
                  00004ec0    00000044                                   : fd_tou_t2.asm.obj (.text)
                  00004f04    0000003e                                   : _printfi.c.obj (.text:_fcpy)
                  00004f42    00000038                                   : fs_tod_t2.asm.obj (.text)
                  00004f7a    00000002     --HOLE-- [fill = 0]
                  00004f7c    00000034                                   : boot_cortex_m.c.obj (.text:_c_int00_noargs:_c_int00_noargs)
                  00004fb0    00000030                                   : snprintf.c.obj (.text:_outs)
                  00004fe0    0000002e                                   : i_tofd_t2.asm.obj (.text)
                  0000500e    00000024     wait.obj (.text)
                  00005032    00000020     rtsv7M4_T_le_v4SPD16_eabi.lib : u_tofd_t2.asm.obj (.text)
                  00005052    0000001c                                   : copy_zero_init.c.obj (.text:decompress:ZI:__TI_zero_init_nomemset:__TI_zero_init_nomemset)
                  0000506e    0000001c                                   : memccpy.c.obj (.text:memccpy)
                  0000508a    0000001a                                   : s_copysign.c.obj (.text:copysign)
                  000050a4    00000018                                   : snprintf.c.obj (.text:_outc)
                  000050bc    00000016                                   : strchr.c.obj (.text:strchr)
                  000050d2    00000014                                   : strlen.c.obj (.text:strlen)
                  000050e6    00000012                                   : wcslen.c.obj (.text:wcslen)
                  000050f8    00000010     clock.obj (.text)
                  00005108    0000000e     rtsv7M4_T_le_v4SPD16_eabi.lib : copy_decompress_none.c.obj (.text:decompress:none:__TI_decompress_none)
                  00005116    0000000c     tm4c123gh6pm_startup_ccs.obj (.text)
                  00005122    00000002     --HOLE-- [fill = 0]
                  00005124    00000008     rtsv7M4_T_le_v4SPD16_eabi.lib : errno.c.obj (.text:__aeabi_errno_addr)
                  0000512c    00000004                                   : pre_init.c.obj (.text:_system_pre_init)
                  00005130    00000004                                   : exit.c.obj (.text:abort:abort)

.const     0    00005134    00000138     
                  00005134    00000101     rtsv7M4_T_le_v4SPD16_eabi.lib : ctype.c.obj (.const:.string:_ctypes_)
                  00005235    00000003     --HOLE-- [fill = 0]
                  00005238    00000034                                   : s_atanf.c.obj (.const:$O1$$)

.cinit     0    00005270    00000058     
                  00005270    00000032     (.cinit..data.load) [load image, compression = lzss]
                  000052a2    00000002     --HOLE-- [fill = 0]
                  000052a4    0000000c     (__TI_handler_table)
                  000052b0    00000008     (.cinit..bss.load) [load image, compression = zero_init]
                  000052b8    00000010     (__TI_cinit_table)

.init_array 
*          0    00000000    00000000     UNINITIALIZED

.bss       0    20001000    000001a0     UNINITIALIZED
                  20001000    00000088     (.common:edgeTimings)
                  20001088    00000080     (.common:bitStream)
                  20001108    00000040     (.common:opbLtime)
                  20001148    00000040     (.common:opbRtime)
                  20001188    00000010     (.common:mpu_data)
                  20001198    00000008     (.common:cal_data)

.data      0    200011a0    000000d0     UNINITIALIZED
                  200011a0    000000c9     Project_Chinwuba_Emmanuel.obj (.data)
                  20001269    00000003     --HOLE--
                  2000126c    00000004     rtsv7M4_T_le_v4SPD16_eabi.lib : errno.c.obj (.data)

.stack     0    20000000    00001000     UNINITIALIZED
                  20000000    00000004     rtsv7M4_T_le_v4SPD16_eabi.lib : boot_cortex_m.c.obj (.stack)
                  20000004    00000ffc     --HOLE--

__llvm_prf_cnts 
*          0    20000000    00000000     UNINITIALIZED

MODULE SUMMARY

       Module                          code    ro data   rw data
       ------                          ----    -------   -------
    .\
       Project_Chinwuba_Emmanuel.obj   6852    0         617    
       gpio.obj                        2056    0         0      
       i2c0.obj                        964     0         0      
       i2c1.obj                        964     0         0      
       tm4c123gh6pm_startup_ccs.obj    12      620       0      
       uart0.obj                       356     0         0      
       nvic.obj                        212     0         0      
       wait.obj                        36      0         0      
       clock.obj                       16      0         0      
    +--+-------------------------------+-------+---------+---------+
       Total:                          11468   620       617    
                                                                
    C:\ti\ccs1220\ccs\tools\compiler\ti-cgt-arm_20.2.7.LTS\lib\rtsv7M4_T_le_v4SPD16_eabi.lib
       _printfi.c.obj                  4851    0         0      
       fd_add_t2.asm.obj               438     0         0      
       s_atanf.c.obj                   336     52        0      
       e_atan2f.c.obj                  344     0         0      
       fd_div_t2.asm.obj               310     0         0      
       s_scalbn.c.obj                  272     0         0      
       fd_cmp_t2.asm.obj               268     0         0      
       ctype.c.obj                     0       257       0      
       fd_mul_t2.asm.obj               252     0         0      
       memcpy_t2.asm.obj               156     0         0      
       ull_div_t2.asm.obj              150     0         0      
       snprintf.c.obj                  148     0         0      
       memset_t2.asm.obj               122     0         0      
       fd_tos_t2.asm.obj               110     0         0      
       copy_decompress_lzss.c.obj      104     0         0      
       s_frexp.c.obj                   100     0         0      
       _ltoa.c.obj                     84      0         0      
       atoi.c.obj                      76      0         0      
       fd_toi_t2.asm.obj               72      0         0      
       autoinit.c.obj                  68      0         0      
       fd_tou_t2.asm.obj               68      0         0      
       fs_tod_t2.asm.obj               56      0         0      
       boot_cortex_m.c.obj             52      0         0      
       i_tofd_t2.asm.obj               46      0         0      
       u_tofd_t2.asm.obj               32      0         0      
       copy_zero_init.c.obj            28      0         0      
       memccpy.c.obj                   28      0         0      
       s_copysign.c.obj                26      0         0      
       strchr.c.obj                    22      0         0      
       strlen.c.obj                    20      0         0      
       wcslen.c.obj                    18      0         0      
       copy_decompress_none.c.obj      14      0         0      
       errno.c.obj                     8       0         4      
       exit.c.obj                      4       0         0      
       pre_init.c.obj                  4       0         0      
       div0.asm.obj                    2       0         0      
    +--+-------------------------------+-------+---------+---------+
       Total:                          8689    309       4      
                                                                
       Stack:                          0       0         4096   
       Linker Generated:               0       86        0      
    +--+-------------------------------+-------+---------+---------+
       Grand Total:                    20157   1015      4717   


LINKER GENERATED COPY TABLES

__TI_cinit_table @ 000052b8 records: 2, size/record: 8, table size: 16
	.data: load addr=00005270, load size=00000032 bytes, run addr=200011a0, run size=000000d0 bytes, compression=lzss
	.bss: load addr=000052b0, load size=00000008 bytes, run addr=20001000, run size=000001a0 bytes, compression=zero_init


LINKER GENERATED HANDLER TABLE

__TI_handler_table @ 000052a4 records: 3, size/record: 4, table size: 12
	index: 0, handler: __TI_decompress_lzss
	index: 1, handler: __TI_decompress_none
	index: 2, handler: __TI_zero_init


GLOBAL SYMBOLS: SORTED ALPHABETICALLY BY Name 

address   name                          
-------   ----                          
00005131  C$$EXIT                       
200011ac  RPM_L                         
200011b0  RPM_R                         
00005117  ResetISR                      
20001000  __STACK_END                   
00001000  __STACK_SIZE                  
20000200  __STACK_TOP                   
000052b8  __TI_CINIT_Base               
000052c8  __TI_CINIT_Limit              
000052a4  __TI_Handler_Table_Base       
000052b0  __TI_Handler_Table_Limit      
00004e7d  __TI_auto_init_nobinit_nopinit
00004bd3  __TI_decompress_lzss          
00005109  __TI_decompress_none          
00004cf7  __TI_ltoa                     
ffffffff  __TI_pprof_out_hndl           
00001d31  __TI_printfi                  
ffffffff  __TI_prof_data_size           
ffffffff  __TI_prof_data_start          
00000000  __TI_static_base__            
00005053  __TI_zero_init_nomemset       
00004971  __aeabi_cdcmpeq               
00004971  __aeabi_cdcmple               
000049f7  __aeabi_cdrcmple              
00004b65  __aeabi_d2f                   
00004e35  __aeabi_d2iz                  
00004ec1  __aeabi_d2uiz                 
00003b5b  __aeabi_dadd                  
00004251  __aeabi_ddiv                  
000045bd  __aeabi_dmul                  
00003b51  __aeabi_dsub                  
00005125  __aeabi_errno_addr            
00004f43  __aeabi_f2d                   
00004fe1  __aeabi_i2d                   
0000277f  __aeabi_idiv0                 
0000277f  __aeabi_ldiv0                 
00004a7d  __aeabi_memclr                
00004a7d  __aeabi_memclr4               
00004a7d  __aeabi_memclr8               
0000483f  __aeabi_memcpy                
0000483f  __aeabi_memcpy4               
0000483f  __aeabi_memcpy8               
00004a7f  __aeabi_memset                
00004a7f  __aeabi_memset4               
00004a7f  __aeabi_memset8               
00005033  __aeabi_ui2d                  
000048db  __aeabi_uldivmod              
ffffffff  __binit__                     
ffffffff  __c_args__                    
UNDEFED   __mpu_init                    
20000000  __stack                       
20000000  __start___llvm_prf_cnts       
20000000  __stop___llvm_prf_cnts        
00004f7d  _c_int00_noargs               
00005134  _ctypes_                      
UNDEFED   _system_post_cinit            
0000512d  _system_pre_init              
00005131  abort                         
20001208  accelX                        
2000120a  accelY                        
2000120c  accelZ                        
20001214  accel_x                       
20001218  accel_y                       
2000121c  accel_z                       
200011fc  addr                          
00003e6d  atan2f                        
00003fc5  atanf                         
00004d9d  atoi                          
20001230  avg_bias_gx                   
20001234  avg_bias_gy                   
20001238  avg_bias_gz                   
2000122e  balance                       
ffffffff  binit                         
20001088  bitStream                     
2000122d  button_pressed                
20001198  cal_data                      
00001649  calibrate_mpu                 
00002dd5  clearPinInterrupt             
0000508b  copysign                      
0000508b  copysignl                     
2000125c  count                         
200011f8  data_bin                      
200011ec  denom_L                       
200011f0  denom_R                       
000046f1  disableNvicInterrupt          
00002db1  disablePinInterrupt           
00002ae9  disablePinPulldown            
00002aa1  disablePinPullup              
0000283d  disablePort                   
200011f4  edgeCount                     
20001000  edgeTimings                   
000006bb  enableCounterMode             
000046b9  enableNvicInterrupt           
00002d8d  enablePinInterrupt            
00002ac5  enablePinPulldown             
00002a73  enablePinPullup               
00002781  enablePort                    
0000075b  enableTimerModeIR             
2000126c  errno                         
200011a8  error                         
2000122c  flag                          
00004c3d  frexp                         
00004c3d  frexpl                        
00000000  g_pfnVectors                  
00000481  getFieldInteger               
00000451  getFieldString                
00000cd1  getIR                         
00002e43  getPinValue                   
00002ef9  getPortValue                  
00003e09  getcUart0                     
0000026d  getsUart0                     
2000120e  gyroX                         
20001210  gyroY                         
20001212  gyroZ                         
20001220  gyro_x                        
20001224  gyro_y                        
20001228  gyro_z                        
20001200  indexL                        
20001204  indexR                        
0000059d  initHw                        
00002f89  initI2c0                      
0000334d  initI2c1                      
0000065d  initMPU                       
00000ed9  initMotor                     
000050f9  initSystemClockTo40Mhz        
00003d09  initUart0                     
20001258  integral                      
00000965  irWTISR                       
000004c1  isCommand                     
00003321  isI2c0Error                   
000036e5  isI2c1Error                   
200011e4  k                             
00003e1d  kbhitUart0                    
200011e8  ki                            
20001260  l                             
000044ad  ldexp                         
000044ad  ldexpl                        
00000ff1  left_b                        
00001019  left_f                        
200011b4  left_pwm                      
000017bd  main                          
0000506f  memccpy                       
0000483f  memcpy                        
00004a85  memset                        
00000a5d  modISR                        
200011d8  modifier                      
20001268  mpu                           
20001188  mpu_data                      
2000124c  mpu_error                     
000010ed  mpu_isr                       
000007cf  opbISR_L                      
00000895  opbISR_R                      
200011dc  opbLTAVG                      
20001108  opbLtime                      
200011e0  opbRTAVG                      
20001148  opbRtime                      
000002d1  parseFields                   
00000e65  parseIR                       
20001250  plant_l                       
20001254  plant_r                       
000032d3  pollI2c0Address               
00003697  pollI2c1Address               
200011a0  print_angle                   
00003dc1  putcUart0                     
00003ddd  putsUart0                     
20001264  r                             
00003019  readI2c0Data                  
0000315d  readI2c0Register              
000031bb  readI2c0Registers             
000033dd  readI2c1Data                  
00003521  readI2c1Register              
0000357f  readI2c1Registers             
00001035  right_b                       
00001051  right_f                       
200011b8  right_pwm                     
000044ad  scalbn                        
000044ad  scalbnl                       
000029a7  selectPinAnalogInput          
00002959  selectPinDigitalInput         
00002cc3  selectPinInterruptBothEdges   
00002c73  selectPinInterruptFallingEdge 
00002d19  selectPinInterruptHighLevel   
00002d53  selectPinInterruptLowLevel    
00002c23  selectPinInterruptRisingEdge  
0000290b  selectPinOpenDrainOutput      
000028bd  selectPinPushPullOutput       
00004729  setNvicInterruptPriority      
00002b11  setPinAuxFunction             
000029f7  setPinCommitControl           
00002df9  setPinValue                   
00002e81  setPortValue                  
00003d7d  setUart0BaudRate              
00004de9  snprintf                      
200011a4  static_angle                  
000050bd  strchr                        
00000525  strcmp                        
000050d3  strlen                        
2000123c  sum_gyro_x                    
20001240  sum_gyro_y                    
20001244  sum_gyro_z                    
20001248  theta                         
200011c4  tick_err                      
200011c8  tick_err_L                    
200011d4  tick_err_R                    
00002e1f  togglePinValue                
200011c0  u_high_L                      
200011d0  u_high_R                      
200011bc  u_low_L                       
200011cc  u_low_R                       
0000500f  waitMicrosecond               
000050e7  wcslen                        
00002fe3  writeI2c0Data                 
0000304d  writeI2c0Register             
000030a3  writeI2c0Registers            
000033a7  writeI2c1Data                 
00003411  writeI2c1Register             
00003467  writeI2c1Registers            


GLOBAL SYMBOLS: SORTED BY Symbol Address 

address   name                          
-------   ----                          
00000000  __TI_static_base__            
00000000  g_pfnVectors                  
0000026d  getsUart0                     
000002d1  parseFields                   
00000451  getFieldString                
00000481  getFieldInteger               
000004c1  isCommand                     
00000525  strcmp                        
0000059d  initHw                        
0000065d  initMPU                       
000006bb  enableCounterMode             
0000075b  enableTimerModeIR             
000007cf  opbISR_L                      
00000895  opbISR_R                      
00000965  irWTISR                       
00000a5d  modISR                        
00000cd1  getIR                         
00000e65  parseIR                       
00000ed9  initMotor                     
00000ff1  left_b                        
00001000  __STACK_SIZE                  
00001019  left_f                        
00001035  right_b                       
00001051  right_f                       
000010ed  mpu_isr                       
00001649  calibrate_mpu                 
000017bd  main                          
00001d31  __TI_printfi                  
0000277f  __aeabi_idiv0                 
0000277f  __aeabi_ldiv0                 
00002781  enablePort                    
0000283d  disablePort                   
000028bd  selectPinPushPullOutput       
0000290b  selectPinOpenDrainOutput      
00002959  selectPinDigitalInput         
000029a7  selectPinAnalogInput          
000029f7  setPinCommitControl           
00002a73  enablePinPullup               
00002aa1  disablePinPullup              
00002ac5  enablePinPulldown             
00002ae9  disablePinPulldown            
00002b11  setPinAuxFunction             
00002c23  selectPinInterruptRisingEdge  
00002c73  selectPinInterruptFallingEdge 
00002cc3  selectPinInterruptBothEdges   
00002d19  selectPinInterruptHighLevel   
00002d53  selectPinInterruptLowLevel    
00002d8d  enablePinInterrupt            
00002db1  disablePinInterrupt           
00002dd5  clearPinInterrupt             
00002df9  setPinValue                   
00002e1f  togglePinValue                
00002e43  getPinValue                   
00002e81  setPortValue                  
00002ef9  getPortValue                  
00002f89  initI2c0                      
00002fe3  writeI2c0Data                 
00003019  readI2c0Data                  
0000304d  writeI2c0Register             
000030a3  writeI2c0Registers            
0000315d  readI2c0Register              
000031bb  readI2c0Registers             
000032d3  pollI2c0Address               
00003321  isI2c0Error                   
0000334d  initI2c1                      
000033a7  writeI2c1Data                 
000033dd  readI2c1Data                  
00003411  writeI2c1Register             
00003467  writeI2c1Registers            
00003521  readI2c1Register              
0000357f  readI2c1Registers             
00003697  pollI2c1Address               
000036e5  isI2c1Error                   
00003b51  __aeabi_dsub                  
00003b5b  __aeabi_dadd                  
00003d09  initUart0                     
00003d7d  setUart0BaudRate              
00003dc1  putcUart0                     
00003ddd  putsUart0                     
00003e09  getcUart0                     
00003e1d  kbhitUart0                    
00003e6d  atan2f                        
00003fc5  atanf                         
00004251  __aeabi_ddiv                  
000044ad  ldexp                         
000044ad  ldexpl                        
000044ad  scalbn                        
000044ad  scalbnl                       
000045bd  __aeabi_dmul                  
000046b9  enableNvicInterrupt           
000046f1  disableNvicInterrupt          
00004729  setNvicInterruptPriority      
0000483f  __aeabi_memcpy                
0000483f  __aeabi_memcpy4               
0000483f  __aeabi_memcpy8               
0000483f  memcpy                        
000048db  __aeabi_uldivmod              
00004971  __aeabi_cdcmpeq               
00004971  __aeabi_cdcmple               
000049f7  __aeabi_cdrcmple              
00004a7d  __aeabi_memclr                
00004a7d  __aeabi_memclr4               
00004a7d  __aeabi_memclr8               
00004a7f  __aeabi_memset                
00004a7f  __aeabi_memset4               
00004a7f  __aeabi_memset8               
00004a85  memset                        
00004b65  __aeabi_d2f                   
00004bd3  __TI_decompress_lzss          
00004c3d  frexp                         
00004c3d  frexpl                        
00004cf7  __TI_ltoa                     
00004d9d  atoi                          
00004de9  snprintf                      
00004e35  __aeabi_d2iz                  
00004e7d  __TI_auto_init_nobinit_nopinit
00004ec1  __aeabi_d2uiz                 
00004f43  __aeabi_f2d                   
00004f7d  _c_int00_noargs               
00004fe1  __aeabi_i2d                   
0000500f  waitMicrosecond               
00005033  __aeabi_ui2d                  
00005053  __TI_zero_init_nomemset       
0000506f  memccpy                       
0000508b  copysign                      
0000508b  copysignl                     
000050bd  strchr                        
000050d3  strlen                        
000050e7  wcslen                        
000050f9  initSystemClockTo40Mhz        
00005109  __TI_decompress_none          
00005117  ResetISR                      
00005125  __aeabi_errno_addr            
0000512d  _system_pre_init              
00005131  C$$EXIT                       
00005131  abort                         
00005134  _ctypes_                      
000052a4  __TI_Handler_Table_Base       
000052b0  __TI_Handler_Table_Limit      
000052b8  __TI_CINIT_Base               
000052c8  __TI_CINIT_Limit              
20000000  __stack                       
20000000  __start___llvm_prf_cnts       
20000000  __stop___llvm_prf_cnts        
20000200  __STACK_TOP                   
20001000  __STACK_END                   
20001000  edgeTimings                   
20001088  bitStream                     
20001108  opbLtime                      
20001148  opbRtime                      
20001188  mpu_data                      
20001198  cal_data                      
200011a0  print_angle                   
200011a4  static_angle                  
200011a8  error                         
200011ac  RPM_L                         
200011b0  RPM_R                         
200011b4  left_pwm                      
200011b8  right_pwm                     
200011bc  u_low_L                       
200011c0  u_high_L                      
200011c4  tick_err                      
200011c8  tick_err_L                    
200011cc  u_low_R                       
200011d0  u_high_R                      
200011d4  tick_err_R                    
200011d8  modifier                      
200011dc  opbLTAVG                      
200011e0  opbRTAVG                      
200011e4  k                             
200011e8  ki                            
200011ec  denom_L                       
200011f0  denom_R                       
200011f4  edgeCount                     
200011f8  data_bin                      
200011fc  addr                          
20001200  indexL                        
20001204  indexR                        
20001208  accelX                        
2000120a  accelY                        
2000120c  accelZ                        
2000120e  gyroX                         
20001210  gyroY                         
20001212  gyroZ                         
20001214  accel_x                       
20001218  accel_y                       
2000121c  accel_z                       
20001220  gyro_x                        
20001224  gyro_y                        
20001228  gyro_z                        
2000122c  flag                          
2000122d  button_pressed                
2000122e  balance                       
20001230  avg_bias_gx                   
20001234  avg_bias_gy                   
20001238  avg_bias_gz                   
2000123c  sum_gyro_x                    
20001240  sum_gyro_y                    
20001244  sum_gyro_z                    
20001248  theta                         
2000124c  mpu_error                     
20001250  plant_l                       
20001254  plant_r                       
20001258  integral                      
2000125c  count                         
20001260  l                             
20001264  r                             
20001268  mpu                           
2000126c  errno                         
ffffffff  __TI_pprof_out_hndl           
ffffffff  __TI_prof_data_size           
ffffffff  __TI_prof_data_start          
ffffffff  __binit__                     
ffffffff  __c_args__                    
ffffffff  binit                         
UNDEFED   __mpu_init                    
UNDEFED   _system_post_cinit            

[217 symbols]
