******************************************************************************
                  TI ARM Linker PC v20.2.7                     
******************************************************************************
>> Linked Thu Oct  5 22:10:46 2023

OUTPUT FILE NAME:   <CSE 3442 Lab 8.out>
ENTRY POINT SYMBOL: "_c_int00_noargs"  address: 00003a29


MEMORY CONFIGURATION

         name            origin    length      used     unused   attr    fill
----------------------  --------  ---------  --------  --------  ----  --------
  FLASH                 00000000   00040000  00003cf1  0003c30f  R  X
  SRAM                  20000000   00008000  00001020  00006fe0  RW X


SEGMENT ALLOCATION MAP

run origin  load origin   length   init length attrs members
----------  ----------- ---------- ----------- ----- -------
00000000    00000000    00003cf8   00003cf8    r-x
  00000000    00000000    0000026c   0000026c    r-- .intvecs
  0000026c    0000026c    00003954   00003954    r-x .text
  00003bc0    00003bc0    00000101   00000101    r-- .const
  00003cc8    00003cc8    00000030   00000030    r-- .cinit
20000000    20000000    00001020   00000000    rw-
  20000000    20000000    00001000   00000000    rw- .stack
  20001000    20001000    00000014   00000000    rw- .data
  20001014    20001014    0000000c   00000000    rw- .bss


SECTION ALLOCATION MAP

 output                                  attributes/
section   page    origin      length       input sections
--------  ----  ----------  ----------   ----------------
.intvecs   0    00000000    0000026c     
                  00000000    0000026c     tm4c123gh6pm_startup_ccs.obj (.intvecs)

.text      0    0000026c    00003954     
                  0000026c    000018e4     lab8_Chinwuba_Emmanuel.obj (.text)
                  00001b50    00000a4e     rtsv7M4_T_le_v4SPD16_eabi.lib : _printfi.c.obj (.text:__TI_printfi)
                  0000259e    00000002                                   : div0.asm.obj (.text)
                  000025a0    00000270                                   : _printfi.c.obj (.text:_pconv_a)
                  00002810    000001d0                                   : _printfi.c.obj (.text:_pconv_g)
                  000029e0    000001b6                                   : fd_add_t2.asm.obj (.text)
                  00002b96    00000002     --HOLE-- [fill = 0]
                  00002b98    00000164     uart0.obj (.text)
                  00002cfc    0000013c     rtsv7M4_T_le_v4SPD16_eabi.lib : _printfi.c.obj (.text:_pconv_e)
                  00002e38    00000136                                   : fd_div_t2.asm.obj (.text)
                  00002f6e    00000002     --HOLE-- [fill = 0]
                  00002f70    00000124                                   : _printfi.c.obj (.text:fcvt)
                  00003094    00000110                                   : s_scalbn.c.obj (.text:scalbn)
                  000031a4    000000fc                                   : fd_mul_t2.asm.obj (.text)
                  000032a0    000000b1                                   : _printfi.c.obj (.text:_ltostr)
                  00003351    00000001     --HOLE-- [fill = 0]
                  00003352    0000009c                                   : memcpy_t2.asm.obj (.text)
                  000033ee    00000096                                   : ull_div_t2.asm.obj (.text)
                  00003484    00000086                                   : fd_cmp_t2.asm.obj (.text:__aeabi_cdcmple)
                  0000350a    00000086                                   : fd_cmp_t2.asm.obj (.text:__aeabi_cdrcmple)
                  00003590    00000084     eeprom.obj (.text)
                  00003614    0000007a     rtsv7M4_T_le_v4SPD16_eabi.lib : memset_t2.asm.obj (.text)
                  0000368e    0000006e                                   : _printfi.c.obj (.text:_mcpy)
                  000036fc    00000068                                   : copy_decompress_lzss.c.obj (.text:decompress:lzss:__TI_decompress_lzss)
                  00003764    00000064                                   : s_frexp.c.obj (.text:frexp)
                  000037c8    00000056                                   : _printfi.c.obj (.text:_pconv_f)
                  0000381e    00000054                                   : _ltoa.c.obj (.text:__TI_ltoa)
                  00003872    00000052                                   : _printfi.c.obj (.text:_ecpy)
                  000038c4    0000004c                                   : atoi.c.obj (.text:atoi)
                  00003910    0000004c                                   : snprintf.c.obj (.text:snprintf)
                  0000395c    00000048                                   : fd_toi_t2.asm.obj (.text)
                  000039a4    00000044                                   : autoinit.c.obj (.text:__TI_auto_init_nobinit_nopinit:__TI_auto_init_nobinit_nopinit)
                  000039e8    0000003e                                   : _printfi.c.obj (.text:_fcpy)
                  00003a26    00000002     --HOLE-- [fill = 0]
                  00003a28    00000034                                   : boot_cortex_m.c.obj (.text:_c_int00_noargs:_c_int00_noargs)
                  00003a5c    00000030                                   : snprintf.c.obj (.text:_outs)
                  00003a8c    0000002e                                   : i_tofd_t2.asm.obj (.text)
                  00003aba    00000024     wait.obj (.text)
                  00003ade    0000001c     rtsv7M4_T_le_v4SPD16_eabi.lib : copy_zero_init.c.obj (.text:decompress:ZI:__TI_zero_init_nomemset:__TI_zero_init_nomemset)
                  00003afa    0000001c                                   : memccpy.c.obj (.text:memccpy)
                  00003b16    0000001a                                   : s_copysign.c.obj (.text:copysign)
                  00003b30    00000018                                   : snprintf.c.obj (.text:_outc)
                  00003b48    00000016                                   : strchr.c.obj (.text:strchr)
                  00003b5e    00000014                                   : strlen.c.obj (.text:strlen)
                  00003b72    00000012                                   : wcslen.c.obj (.text:wcslen)
                  00003b84    00000010     clock.obj (.text)
                  00003b94    0000000e     rtsv7M4_T_le_v4SPD16_eabi.lib : copy_decompress_none.c.obj (.text:decompress:none:__TI_decompress_none)
                  00003ba2    0000000c     tm4c123gh6pm_startup_ccs.obj (.text)
                  00003bae    00000002     --HOLE-- [fill = 0]
                  00003bb0    00000008     rtsv7M4_T_le_v4SPD16_eabi.lib : errno.c.obj (.text:__aeabi_errno_addr)
                  00003bb8    00000004                                   : pre_init.c.obj (.text:_system_pre_init)
                  00003bbc    00000004                                   : exit.c.obj (.text:abort:abort)

.const     0    00003bc0    00000101     
                  00003bc0    00000101     rtsv7M4_T_le_v4SPD16_eabi.lib : ctype.c.obj (.const:.string:_ctypes_)

.cinit     0    00003cc8    00000030     
                  00003cc8    0000000c     (__TI_handler_table)
                  00003cd4    0000000b     (.cinit..data.load) [load image, compression = lzss]
                  00003cdf    00000001     --HOLE-- [fill = 0]
                  00003ce0    00000008     (.cinit..bss.load) [load image, compression = zero_init]
                  00003ce8    00000010     (__TI_cinit_table)

.init_array 
*          0    00000000    00000000     UNINITIALIZED

.data      0    20001000    00000014     UNINITIALIZED
                  20001000    00000010     lab8_Chinwuba_Emmanuel.obj (.data)
                  20001010    00000004     rtsv7M4_T_le_v4SPD16_eabi.lib : errno.c.obj (.data)

.bss       0    20001014    0000000c     UNINITIALIZED
                  20001014    0000000c     (.common:distance)

.stack     0    20000000    00001000     UNINITIALIZED
                  20000000    00000004     rtsv7M4_T_le_v4SPD16_eabi.lib : boot_cortex_m.c.obj (.stack)
                  20000004    00000ffc     --HOLE--

__llvm_prf_cnts 
*          0    20000000    00000000     UNINITIALIZED

MODULE SUMMARY

       Module                         code    ro data   rw data
       ------                         ----    -------   -------
    .\
       lab8_Chinwuba_Emmanuel.obj     6372    0         28     
       tm4c123gh6pm_startup_ccs.obj   12      620       0      
       uart0.obj                      356     0         0      
       eeprom.obj                     132     0         0      
       wait.obj                       36      0         0      
       clock.obj                      16      0         0      
    +--+------------------------------+-------+---------+---------+
       Total:                         6924    620       28     
                                                               
    C:\ti\ccs1220\ccs\tools\compiler\ti-cgt-arm_20.2.7.LTS\lib\rtsv7M4_T_le_v4SPD16_eabi.lib
       _printfi.c.obj                 4851    0         0      
       fd_add_t2.asm.obj              438     0         0      
       fd_div_t2.asm.obj              310     0         0      
       s_scalbn.c.obj                 272     0         0      
       fd_cmp_t2.asm.obj              268     0         0      
       ctype.c.obj                    0       257       0      
       fd_mul_t2.asm.obj              252     0         0      
       memcpy_t2.asm.obj              156     0         0      
       ull_div_t2.asm.obj             150     0         0      
       snprintf.c.obj                 148     0         0      
       memset_t2.asm.obj              122     0         0      
       copy_decompress_lzss.c.obj     104     0         0      
       s_frexp.c.obj                  100     0         0      
       _ltoa.c.obj                    84      0         0      
       atoi.c.obj                     76      0         0      
       fd_toi_t2.asm.obj              72      0         0      
       autoinit.c.obj                 68      0         0      
       boot_cortex_m.c.obj            52      0         0      
       i_tofd_t2.asm.obj              46      0         0      
       copy_zero_init.c.obj           28      0         0      
       memccpy.c.obj                  28      0         0      
       s_copysign.c.obj               26      0         0      
       strchr.c.obj                   22      0         0      
       strlen.c.obj                   20      0         0      
       wcslen.c.obj                   18      0         0      
       copy_decompress_none.c.obj     14      0         0      
       errno.c.obj                    8       0         4      
       exit.c.obj                     4       0         0      
       pre_init.c.obj                 4       0         0      
       div0.asm.obj                   2       0         0      
    +--+------------------------------+-------+---------+---------+
       Total:                         7743    257       4      
                                                               
       Stack:                         0       0         4096   
       Linker Generated:              0       47        0      
    +--+------------------------------+-------+---------+---------+
       Grand Total:                   14667   924       4128   


LINKER GENERATED COPY TABLES

__TI_cinit_table @ 00003ce8 records: 2, size/record: 8, table size: 16
	.data: load addr=00003cd4, load size=0000000b bytes, run addr=20001000, run size=00000014 bytes, compression=lzss
	.bss: load addr=00003ce0, load size=00000008 bytes, run addr=20001014, run size=0000000c bytes, compression=zero_init


LINKER GENERATED HANDLER TABLE

__TI_handler_table @ 00003cc8 records: 3, size/record: 4, table size: 12
	index: 0, handler: __TI_decompress_lzss
	index: 1, handler: __TI_decompress_none
	index: 2, handler: __TI_zero_init


GLOBAL SYMBOLS: SORTED ALPHABETICALLY BY Name 

address   name                          
-------   ----                          
UNDEFED   BusExpanderISR                
00003bbd  C$$EXIT                       
00003ba3  ResetISR                      
20001000  __STACK_END                   
00001000  __STACK_SIZE                  
20000200  __STACK_TOP                   
00003ce8  __TI_CINIT_Base               
00003cf8  __TI_CINIT_Limit              
00003cc8  __TI_Handler_Table_Base       
00003cd4  __TI_Handler_Table_Limit      
000039a5  __TI_auto_init_nobinit_nopinit
000036fd  __TI_decompress_lzss          
00003b95  __TI_decompress_none          
0000381f  __TI_ltoa                     
ffffffff  __TI_pprof_out_hndl           
00001b51  __TI_printfi                  
ffffffff  __TI_prof_data_size           
ffffffff  __TI_prof_data_start          
00000000  __TI_static_base__            
00003adf  __TI_zero_init_nomemset       
00003485  __aeabi_cdcmpeq               
00003485  __aeabi_cdcmple               
0000350b  __aeabi_cdrcmple              
0000395d  __aeabi_d2iz                  
000029eb  __aeabi_dadd                  
00002e39  __aeabi_ddiv                  
000031a5  __aeabi_dmul                  
000029e1  __aeabi_dsub                  
00003bb1  __aeabi_errno_addr            
00003a8d  __aeabi_i2d                   
0000259f  __aeabi_idiv0                 
0000259f  __aeabi_ldiv0                 
00003615  __aeabi_memclr                
00003615  __aeabi_memclr4               
00003615  __aeabi_memclr8               
00003353  __aeabi_memcpy                
00003353  __aeabi_memcpy4               
00003353  __aeabi_memcpy8               
00003617  __aeabi_memset                
00003617  __aeabi_memset4               
00003617  __aeabi_memset8               
000033ef  __aeabi_uldivmod              
ffffffff  __binit__                     
ffffffff  __c_args__                    
UNDEFED   __mpu_init                    
20000000  __stack                       
20000000  __start___llvm_prf_cnts       
20000000  __stop___llvm_prf_cnts        
00003a29  _c_int00_noargs               
00003bc0  _ctypes_                      
UNDEFED   _system_post_cinit            
00003bb9  _system_pre_init              
00003bbd  abort                         
000038c5  atoi                          
ffffffff  binit                         
20001008  channel                       
00003b17  copysign                      
00003b17  copysignl                     
00000515  disableTimerMode              
20001014  distance                      
00000509  enable1                       
0000026d  enableTimerMode               
20001010  errno                         
20001004  frequency                     
00003765  frexp                         
00003765  frexpl                        
00000000  g_pfnVectors                  
000007c9  getFieldInteger               
00000795  getFieldString                
00002c99  getcUart0                     
00000541  getsUart0                     
00003591  initEeprom                    
000008e5  initHw                        
00003b85  initSystemClockTo40Mhz        
00002b99  initUart0                     
000009c5  initmtr                       
00000809  isCommand                     
00002cad  kbhitUart0                    
00003095  ldexp                         
00003095  ldexpl                        
00000af5  main                          
00003afb  memccpy                       
00003353  memcpy                        
0000361d  memset                        
00000615  parseFields                   
2000100c  phase                         
00002c51  putcUart0                     
00002c6d  putsUart0                     
000035d9  readEeprom                    
00003095  scalbn                        
00003095  scalbnl                       
00000a6d  setMTR                        
00002c0d  setUart0BaudRate              
00003911  snprintf                      
00003b49  strchr                        
0000086d  strcmp                        
00003b5f  strlen                        
20001000  timeMode                      
0000034b  timerISR                      
00003abb  waitMicrosecond               
00003b73  wcslen                        
000003d7  wideTimer1Isr                 
0000043d  wideTimer2Isr                 
000004a3  wideTimer3Isr                 
000035a7  writeEeprom                   


GLOBAL SYMBOLS: SORTED BY Symbol Address 

address   name                          
-------   ----                          
00000000  __TI_static_base__            
00000000  g_pfnVectors                  
0000026d  enableTimerMode               
0000034b  timerISR                      
000003d7  wideTimer1Isr                 
0000043d  wideTimer2Isr                 
000004a3  wideTimer3Isr                 
00000509  enable1                       
00000515  disableTimerMode              
00000541  getsUart0                     
00000615  parseFields                   
00000795  getFieldString                
000007c9  getFieldInteger               
00000809  isCommand                     
0000086d  strcmp                        
000008e5  initHw                        
000009c5  initmtr                       
00000a6d  setMTR                        
00000af5  main                          
00001000  __STACK_SIZE                  
00001b51  __TI_printfi                  
0000259f  __aeabi_idiv0                 
0000259f  __aeabi_ldiv0                 
000029e1  __aeabi_dsub                  
000029eb  __aeabi_dadd                  
00002b99  initUart0                     
00002c0d  setUart0BaudRate              
00002c51  putcUart0                     
00002c6d  putsUart0                     
00002c99  getcUart0                     
00002cad  kbhitUart0                    
00002e39  __aeabi_ddiv                  
00003095  ldexp                         
00003095  ldexpl                        
00003095  scalbn                        
00003095  scalbnl                       
000031a5  __aeabi_dmul                  
00003353  __aeabi_memcpy                
00003353  __aeabi_memcpy4               
00003353  __aeabi_memcpy8               
00003353  memcpy                        
000033ef  __aeabi_uldivmod              
00003485  __aeabi_cdcmpeq               
00003485  __aeabi_cdcmple               
0000350b  __aeabi_cdrcmple              
00003591  initEeprom                    
000035a7  writeEeprom                   
000035d9  readEeprom                    
00003615  __aeabi_memclr                
00003615  __aeabi_memclr4               
00003615  __aeabi_memclr8               
00003617  __aeabi_memset                
00003617  __aeabi_memset4               
00003617  __aeabi_memset8               
0000361d  memset                        
000036fd  __TI_decompress_lzss          
00003765  frexp                         
00003765  frexpl                        
0000381f  __TI_ltoa                     
000038c5  atoi                          
00003911  snprintf                      
0000395d  __aeabi_d2iz                  
000039a5  __TI_auto_init_nobinit_nopinit
00003a29  _c_int00_noargs               
00003a8d  __aeabi_i2d                   
00003abb  waitMicrosecond               
00003adf  __TI_zero_init_nomemset       
00003afb  memccpy                       
00003b17  copysign                      
00003b17  copysignl                     
00003b49  strchr                        
00003b5f  strlen                        
00003b73  wcslen                        
00003b85  initSystemClockTo40Mhz        
00003b95  __TI_decompress_none          
00003ba3  ResetISR                      
00003bb1  __aeabi_errno_addr            
00003bb9  _system_pre_init              
00003bbd  C$$EXIT                       
00003bbd  abort                         
00003bc0  _ctypes_                      
00003cc8  __TI_Handler_Table_Base       
00003cd4  __TI_Handler_Table_Limit      
00003ce8  __TI_CINIT_Base               
00003cf8  __TI_CINIT_Limit              
20000000  __stack                       
20000000  __start___llvm_prf_cnts       
20000000  __stop___llvm_prf_cnts        
20000200  __STACK_TOP                   
20001000  __STACK_END                   
20001000  timeMode                      
20001004  frequency                     
20001008  channel                       
2000100c  phase                         
20001010  errno                         
20001014  distance                      
ffffffff  __TI_pprof_out_hndl           
ffffffff  __TI_prof_data_size           
ffffffff  __TI_prof_data_start          
ffffffff  __binit__                     
ffffffff  __c_args__                    
ffffffff  binit                         
UNDEFED   BusExpanderISR                
UNDEFED   __mpu_init                    
UNDEFED   _system_post_cinit            

[105 symbols]
