******************************************************************************
                  TI ARM Linker PC v20.2.7                     
******************************************************************************
>> Linked Tue Mar 21 15:13:04 2023

OUTPUT FILE NAME:   <CSE 3442 Lab 5.out>
ENTRY POINT SYMBOL: "_c_int00_noinit_noargs"  address: 000008cd


MEMORY CONFIGURATION

         name            origin    length      used     unused   attr    fill
----------------------  --------  ---------  --------  --------  ----  --------
  FLASH                 00000000   00040000  00000a1d  0003f5e3  R  X
  SRAM                  20000000   00008000  00000200  00007e00  RW X


SEGMENT ALLOCATION MAP

run origin  load origin   length   init length attrs members
----------  ----------- ---------- ----------- ----- -------
00000000    00000000    00000a1d   00000a1d    r-x
  00000000    00000000    0000026c   0000026c    r-- .intvecs
  0000026c    0000026c    000006b0   000006b0    r-x .text
  0000091c    0000091c    00000101   00000101    r-- .const
20000000    20000000    00000200   00000000    rw-
  20000000    20000000    00000200   00000000    rw- .stack


SECTION ALLOCATION MAP

 output                                  attributes/
section   page    origin      length       input sections
--------  ----  ----------  ----------   ----------------
.intvecs   0    00000000    0000026c     
                  00000000    0000026c     tm4c123gh6pm_startup_ccs.obj (.intvecs)

.text      0    0000026c    000006b0     
                  0000026c    000004b0     lab5_Chinwuba_Emmanuel.obj (.text)
                  0000071c    00000164     uart0.obj (.text)
                  00000880    0000004c     rtsv7M4_T_le_v4SPD16_eabi.lib : atoi.c.obj (.text:atoi)
                  000008cc    0000002c                                   : boot_cortex_m.c.obj (.text:_c_int00_noinit_noargs:_c_int00_noinit_noargs)
                  000008f8    00000010     clock.obj (.text)
                  00000908    0000000c     tm4c123gh6pm_startup_ccs.obj (.text)
                  00000914    00000004     rtsv7M4_T_le_v4SPD16_eabi.lib : pre_init.c.obj (.text:_system_pre_init)
                  00000918    00000004                                   : exit.c.obj (.text:abort:abort)

.const     0    0000091c    00000101     
                  0000091c    00000101     rtsv7M4_T_le_v4SPD16_eabi.lib : ctype.c.obj (.const:.string:_ctypes_)

.cinit     0    00000000    00000000     UNINITIALIZED

.init_array 
*          0    00000000    00000000     UNINITIALIZED

.stack     0    20000000    00000200     UNINITIALIZED
                  20000000    00000004     rtsv7M4_T_le_v4SPD16_eabi.lib : boot_cortex_m.c.obj (.stack)
                  20000004    000001fc     --HOLE--

__llvm_prf_cnts 
*          0    20000000    00000000     UNINITIALIZED

MODULE SUMMARY

       Module                         code   ro data   rw data
       ------                         ----   -------   -------
    .\
       lab5_Chinwuba_Emmanuel.obj     1200   0         0      
       tm4c123gh6pm_startup_ccs.obj   12     620       0      
       uart0.obj                      356    0         0      
       clock.obj                      16     0         0      
    +--+------------------------------+------+---------+---------+
       Total:                         1584   620       0      
                                                              
    C:\ti\ccs1220\ccs\tools\compiler\ti-cgt-arm_20.2.7.LTS\lib\rtsv7M4_T_le_v4SPD16_eabi.lib
       ctype.c.obj                    0      257       0      
       atoi.c.obj                     76     0         0      
       boot_cortex_m.c.obj            44     0         0      
       exit.c.obj                     4      0         0      
       pre_init.c.obj                 4      0         0      
    +--+------------------------------+------+---------+---------+
       Total:                         128    257       0      
                                                              
       Stack:                         0      0         512    
    +--+------------------------------+------+---------+---------+
       Grand Total:                   1712   877       512    


GLOBAL SYMBOLS: SORTED ALPHABETICALLY BY Name 

address   name                   
-------   ----                   
00000919  C$$EXIT                
00000909  ResetISR               
20000200  __STACK_END            
00000200  __STACK_SIZE           
20000200  __STACK_TOP            
ffffffff  __TI_pprof_out_hndl    
ffffffff  __TI_prof_data_size    
ffffffff  __TI_prof_data_start   
00000000  __TI_static_base__     
ffffffff  __binit__              
ffffffff  __c_args__             
UNDEFED   __mpu_init             
20000000  __stack                
20000000  __start___llvm_prf_cnts
20000000  __stop___llvm_prf_cnts 
000008cd  _c_int00_noinit_noargs 
0000091c  _ctypes_               
00000915  _system_pre_init       
00000919  abort                  
00000881  atoi                   
ffffffff  binit                  
00000000  g_pfnVectors           
0000047f  getFieldInteger        
00000451  getFieldString         
0000081d  getcUart0              
0000026d  getsUart0              
0000059b  initHw                 
000008f9  initSystemClockTo40Mhz 
0000071d  initUart0              
000004bf  isCommand              
00000831  kbhitUart0             
000005cd  main                   
000002d1  parseFields            
000007d5  putcUart0              
000007f1  putsUart0              
00000791  setUart0BaudRate       
00000523  strcmp                 


GLOBAL SYMBOLS: SORTED BY Symbol Address 

address   name                   
-------   ----                   
00000000  __TI_static_base__     
00000000  g_pfnVectors           
00000200  __STACK_SIZE           
0000026d  getsUart0              
000002d1  parseFields            
00000451  getFieldString         
0000047f  getFieldInteger        
000004bf  isCommand              
00000523  strcmp                 
0000059b  initHw                 
000005cd  main                   
0000071d  initUart0              
00000791  setUart0BaudRate       
000007d5  putcUart0              
000007f1  putsUart0              
0000081d  getcUart0              
00000831  kbhitUart0             
00000881  atoi                   
000008cd  _c_int00_noinit_noargs 
000008f9  initSystemClockTo40Mhz 
00000909  ResetISR               
00000915  _system_pre_init       
00000919  C$$EXIT                
00000919  abort                  
0000091c  _ctypes_               
20000000  __stack                
20000000  __start___llvm_prf_cnts
20000000  __stop___llvm_prf_cnts 
20000200  __STACK_END            
20000200  __STACK_TOP            
ffffffff  __TI_pprof_out_hndl    
ffffffff  __TI_prof_data_size    
ffffffff  __TI_prof_data_start   
ffffffff  __binit__              
ffffffff  __c_args__             
ffffffff  binit                  
UNDEFED   __mpu_init             

[37 symbols]
